$ git init
$ git add .
$ git status

# On branch master
#
# Initial commit
#
# Changes to be committed:
#   (use "git rm --cached <file>..." to unstage)
#
#   new file:   my_project.info
#   new file:   my_project.module
#

$ git commit -m "First commit"
$ git remote add origin https://github.com/yourname/my_project.git
$ git pull origin master
$ git push origin master

login github
password github
Finished
